#
# There is insufficient memory for the Java Runtime Environment to continue.
# Native memory allocation (malloc) failed to allocate 2347536 bytes for Chunk::new
# Possible reasons:
#   The system is out of physical RAM or swap space
#   The process is running with CompressedOops enabled, and the Java Heap may be blocking the growth of the native heap
# Possible solutions:
#   Reduce memory load on the system
#   Increase physical memory or swap space
#   Check if swap backing store is full
#   Decrease Java heap size (-Xmx/-Xms)
#   Decrease number of Java threads
#   Decrease Java thread stack sizes (-Xss)
#   Set larger code cache with -XX:ReservedCodeCacheSize=
#   JVM is running with Unscaled Compressed Oops mode in which the Java heap is
#     placed in the first 4GB address space. The Java Heap base address is the
#     maximum limit for the native heap growth. Please use -XX:HeapBaseMinAddress
#     to set the Java Heap base and to place the Java Heap above 4GB virtual address.
# This output file may be truncated or incomplete.
#
#  Out of Memory Error (arena.cpp:168), pid=22524, tid=13752
#
# JRE version: Java(TM) SE Runtime Environment (21.0.5+9) (build 21.0.5+9-LTS-239)
# Java VM: Java HotSpot(TM) 64-Bit Server VM (21.0.5+9-LTS-239, mixed mode, sharing, tiered, compressed oops, compressed class ptrs, parallel gc, windows-amd64)
# No core dump will be written. Minidumps are not enabled by default on client versions of Windows
#

---------------  S U M M A R Y ------------

Command Line: --add-modules=ALL-SYSTEM --add-opens=java.base/java.util=ALL-UNNAMED --add-opens=java.base/java.lang=ALL-UNNAMED --add-opens=java.base/sun.nio.fs=ALL-UNNAMED -Declipse.application=org.eclipse.jdt.ls.core.id1 -Dosgi.bundles.defaultStartLevel=4 -Declipse.product=org.eclipse.jdt.ls.core.product -Djava.import.generatesMetadataFilesAtProjectRoot=false -DDetectVMInstallationsJob.disabled=true -Dfile.encoding=utf8 -XX:+UseParallelGC -XX:GCTimeRatio=4 -XX:AdaptiveSizePolicyWeight=90 -Dsun.zip.disableMemoryMapping=true -Xmx2G -Xms100m -Xlog:disable -javaagent:c:\Users\Adarsh Kumar Choubey\.vscode\extensions\redhat.java-1.55.0-win32-x64\lombok\lombok-1.18.39-4050.jar -XX:+HeapDumpOnOutOfMemoryError -XX:HeapDumpPath=c:\Users\Adarsh Kumar Choubey\AppData\Roaming\Code\User\workspaceStorage\123f1bad724c2eadf94da4c2cea6aa23\redhat.java -Daether.dependencyCollector.impl=bf c:\Users\Adarsh Kumar Choubey\.vscode\extensions\redhat.java-1.55.0-win32-x64\server\plugins\org.eclipse.equinox.launcher_1.7.200.v20260619-2039.jar -configuration c:\Users\Adarsh Kumar Choubey\AppData\Roaming\Code\User\globalStorage\redhat.java\1.55.0\config_win -data c:\Users\Adarsh Kumar Choubey\AppData\Roaming\Code\User\workspaceStorage\123f1bad724c2eadf94da4c2cea6aa23\redhat.java\jdt_ws --pipe=\\.\pipe\lsp-66c00457705a39d54c8123a4e7df62a6-sock

Host: AMD Ryzen 3 3250U with Radeon Graphics         , 4 cores, 5G,  Windows 11 , 64 bit Build 26100 (10.0.26100.8875)
Time: Tue Jul 28 13:16:12 2026 India Standard Time elapsed time: 35.804266 seconds (0d 0h 0m 35s)

---------------  T H R E A D  ---------------

Current thread (0x000001b6ea9d1770):  JavaThread "C2 CompilerThread0" daemon [_thread_in_native, id=13752, stack(0x000000745f400000,0x000000745f500000) (1024K)]


Current CompileTask:
C2:  35804 4398       4       org.lombokweb.asm.ClassReader::readMethod (1070 bytes)

Stack: [0x000000745f400000,0x000000745f500000]
Native frames: (J=compiled Java code, j=interpreted, Vv=VM code, C=native code)
V  [jvm.dll+0x6ca289]
V  [jvm.dll+0x854a51]
V  [jvm.dll+0x856f7e]
V  [jvm.dll+0x857653]
V  [jvm.dll+0x27dd26]
V  [jvm.dll+0xc4c2d]
V  [jvm.dll+0xc5163]
V  [jvm.dll+0x3b4d02]
V  [jvm.dll+0x1df809]
V  [jvm.dll+0x246a62]
V  [jvm.dll+0x245eef]
V  [jvm.dll+0x1c6d0e]
V  [jvm.dll+0x2554d9]
V  [jvm.dll+0x253a6a]
V  [jvm.dll+0x3ee136]
V  [jvm.dll+0x7fee9b]
V  [jvm.dll+0x6c896d]
C  [ucrtbase.dll+0x2cd30]
C  [KERNEL32.DLL+0x2e957]
C  [ntdll.dll+0xaad6c]


---------------  P R O C E S S  ---------------

Threads class SMR info:
_java_thread_list=0x000001b6f0fdc1d0, length=23, elements={
0x000001b6ccd007c0, 0x000001b6ea9c5ff0, 0x000001b6ea9c7d50, 0x000001b6ea9c8d30,
0x000001b6ea9cd390, 0x000001b6ea9cdee0, 0x000001b6ea9ce930, 0x000001b6ea9d1770,
0x000001b6eaa3dc10, 0x000001b6eb8830c0, 0x000001b6eba0ef90, 0x000001b6f0576380,
0x000001b6eaa23aa0, 0x000001b6f07022e0, 0x000001b6f0725da0, 0x000001b6f0989d70,
0x000001b6f0c43f40, 0x000001b6f101b200, 0x000001b6f0b53f10, 0x000001b6f10fd810,
0x000001b6f10fd180, 0x000001b6f10fb0b0, 0x000001b6f17c1090
}

Java Threads: ( => current thread )
  0x000001b6ccd007c0 JavaThread "main"                              [_thread_blocked, id=20924, stack(0x000000745ea00000,0x000000745eb00000) (1024K)]
  0x000001b6ea9c5ff0 JavaThread "Reference Handler"          daemon [_thread_blocked, id=3788, stack(0x000000745ee00000,0x000000745ef00000) (1024K)]
  0x000001b6ea9c7d50 JavaThread "Finalizer"                  daemon [_thread_blocked, id=24376, stack(0x000000745ef00000,0x000000745f000000) (1024K)]
  0x000001b6ea9c8d30 JavaThread "Signal Dispatcher"          daemon [_thread_blocked, id=5360, stack(0x000000745f000000,0x000000745f100000) (1024K)]
  0x000001b6ea9cd390 JavaThread "Attach Listener"            daemon [_thread_blocked, id=19832, stack(0x000000745f100000,0x000000745f200000) (1024K)]
  0x000001b6ea9cdee0 JavaThread "Service Thread"             daemon [_thread_blocked, id=28692, stack(0x000000745f200000,0x000000745f300000) (1024K)]
  0x000001b6ea9ce930 JavaThread "Monitor Deflation Thread"   daemon [_thread_blocked, id=23896, stack(0x000000745f300000,0x000000745f400000) (1024K)]
=>0x000001b6ea9d1770 JavaThread "C2 CompilerThread0"         daemon [_thread_in_native, id=13752, stack(0x000000745f400000,0x000000745f500000) (1024K)]
  0x000001b6eaa3dc10 JavaThread "C1 CompilerThread0"         daemon [_thread_blocked, id=16996, stack(0x000000745f500000,0x000000745f600000) (1024K)]
  0x000001b6eb8830c0 JavaThread "Common-Cleaner"             daemon [_thread_blocked, id=23396, stack(0x000000745f600000,0x000000745f700000) (1024K)]
  0x000001b6eba0ef90 JavaThread "Notification Thread"        daemon [_thread_blocked, id=11536, stack(0x000000745f700000,0x000000745f800000) (1024K)]
  0x000001b6f0576380 JavaThread "Active Thread: Equinox Container: cf20a6c0-e9d1-42e7-844f-4b617ce82a65"        [_thread_in_native, id=8260, stack(0x000000745fb00000,0x000000745fc00000) (1024K)]
  0x000001b6eaa23aa0 JavaThread "Refresh Thread: Equinox Container: cf20a6c0-e9d1-42e7-844f-4b617ce82a65" daemon [_thread_blocked, id=25272, stack(0x000000745fc00000,0x000000745fd00000) (1024K)]
  0x000001b6f07022e0 JavaThread "Framework Event Dispatcher: Equinox Container: cf20a6c0-e9d1-42e7-844f-4b617ce82a65" daemon [_thread_blocked, id=29624, stack(0x000000745fd00000,0x000000745fe00000) (1024K)]
  0x000001b6f0725da0 JavaThread "Start Level: Equinox Container: cf20a6c0-e9d1-42e7-844f-4b617ce82a65" daemon [_thread_in_native, id=21116, stack(0x000000745fe00000,0x000000745ff00000) (1024K)]
  0x000001b6f0989d70 JavaThread "Bundle File Closer"         daemon [_thread_blocked, id=26428, stack(0x000000745ff00000,0x0000007460000000) (1024K)]
  0x000001b6f0c43f40 JavaThread "SCR Component Actor"        daemon [_thread_blocked, id=20412, stack(0x0000007460000000,0x0000007460100000) (1024K)]
  0x000001b6f101b200 JavaThread "Worker-JM"                         [_thread_blocked, id=23044, stack(0x0000007460100000,0x0000007460200000) (1024K)]
  0x000001b6f0b53f10 JavaThread "JNA Cleaner"                daemon [_thread_blocked, id=28132, stack(0x0000007460200000,0x0000007460300000) (1024K)]
  0x000001b6f10fd810 JavaThread "Worker-0: Repository registry initialization"        [_thread_in_native, id=28696, stack(0x0000007460300000,0x0000007460400000) (1024K)]
  0x000001b6f10fd180 JavaThread "Worker-1"                          [_thread_blocked, id=16460, stack(0x0000007460400000,0x0000007460500000) (1024K)]
  0x000001b6f10fb0b0 JavaThread "Worker-2"                          [_thread_blocked, id=24440, stack(0x0000007460500000,0x0000007460600000) (1024K)]
  0x000001b6f17c1090 JavaThread "C2 CompilerThread1"         daemon [_thread_in_native, id=11000, stack(0x0000007460600000,0x0000007460700000) (1024K)]
Total: 23

Other Threads:
  0x000001b6ccfb9970 VMThread "VM Thread"                           [id=1900, stack(0x000000745ed00000,0x000000745ee00000) (1024K)]
  0x000001b6ccf84e80 WatcherThread "VM Periodic Task Thread"        [id=15364, stack(0x000000745ec00000,0x000000745ed00000) (1024K)]
  0x000001b6ccf37c40 WorkerThread "GC Thread#0"                     [id=8740, stack(0x000000745eb00000,0x000000745ec00000) (1024K)]
  0x000001b6f0468470 WorkerThread "GC Thread#1"                     [id=16000, stack(0x000000745f800000,0x000000745f900000) (1024K)]
  0x000001b6f0561580 WorkerThread "GC Thread#2"                     [id=6440, stack(0x000000745f900000,0x000000745fa00000) (1024K)]
  0x000001b6f0340200 WorkerThread "GC Thread#3"                     [id=28920, stack(0x000000745fa00000,0x000000745fb00000) (1024K)]
Total: 6

Threads with active compile tasks:
C2 CompilerThread0    36081 4398       4       org.lombokweb.asm.ClassReader::readMethod (1070 bytes)
C2 CompilerThread1    36081 4575   !   4       sun.nio.cs.StreamDecoder::read (78 bytes)
Total: 2

VM state: not at safepoint (normal execution)

VM Mutex/Monitor currently owned by a thread: None

Heap address: 0x0000000080000000, size: 2048 MB, Compressed Oops mode: 32-bit

CDS archive(s) mapped at: [0x000001b680000000-0x000001b680c90000-0x000001b680c90000), size 13172736, SharedBaseAddress: 0x000001b680000000, ArchiveRelocationMode: 1.
Compressed class space mapped at: 0x000001b681000000-0x000001b6c1000000, reserved size: 1073741824
Narrow klass base: 0x000001b680000000, Narrow klass shift: 0, Narrow klass range: 0x100000000

GC Precious Log:
 CardTable entry size: 512
 CPUs: 4 total, 4 available
 Memory: 6091M
 Large Page Support: Disabled
 NUMA Support: Disabled
 Compressed Oops: Enabled (32-bit)
 Alignments: Space 512K, Generation 512K, Heap 2M
 Heap Min Capacity: 100M
 Heap Initial Capacity: 100M
 Heap Max Capacity: 2G
 Pre-touch: Disabled
 Parallel Workers: 4

Heap:
 PSYoungGen      total 24576K, used 10903K [0x00000000d5580000, 0x00000000d7180000, 0x0000000100000000)
  eden space 22528K, 39% used [0x00000000d5580000,0x00000000d5e4ba00,0x00000000d6b80000)
  from space 2048K, 92% used [0x00000000d6e80000,0x00000000d705a480,0x00000000d7080000)
  to   space 1024K, 0% used [0x00000000d7080000,0x00000000d7080000,0x00000000d7180000)
 ParOldGen       total 68608K, used 16989K [0x0000000080000000, 0x0000000084300000, 0x00000000d5580000)
  object space 68608K, 24% used [0x0000000080000000,0x0000000081097570,0x0000000084300000)
 Metaspace       used 30478K, committed 31424K, reserved 1114112K
  class space    used 3026K, committed 3456K, reserved 1048576K

Card table byte_map: [0x000001b6e5dc0000,0x000001b6e61d0000] _byte_map_base: 0x000001b6e59c0000

Marking Bits: (ParMarkBitMap*) 0x00007ffa63bf0df0
 Begin Bits: [0x000001b6e6480000, 0x000001b6e8480000)
 End Bits:   [0x000001b6e8480000, 0x000001b6ea480000)

Polling page: 0x000001b6ccfd0000

Metaspace:

Usage:
  Non-class:     26.81 MB used.
      Class:      2.96 MB used.
       Both:     29.77 MB used.

Virtual space:
  Non-class space:       64.00 MB reserved,      27.31 MB ( 43%) committed,  1 nodes.
      Class space:        1.00 GB reserved,       3.38 MB ( <1%) committed,  1 nodes.
             Both:        1.06 GB reserved,      30.69 MB (  3%) committed. 

Chunk freelists:
   Non-Class:  4.32 MB
       Class:  12.61 MB
        Both:  16.93 MB

MaxMetaspaceSize: unlimited
CompressedClassSpaceSize: 1.00 GB
Initial GC threshold: 21.00 MB
Current GC threshold: 35.00 MB
CDS: on
 - commit_granule_bytes: 65536.
 - commit_granule_words: 8192.
 - virtual_space_node_default_size: 8388608.
 - enlarge_chunks_in_place: 1.
 - use_allocation_guard: 0.


Internal statistics:

num_allocs_failed_limit: 3.
num_arena_births: 854.
num_arena_deaths: 14.
num_vsnodes_births: 2.
num_vsnodes_deaths: 0.
num_space_committed: 491.
num_space_uncommitted: 0.
num_chunks_returned_to_freelist: 17.
num_chunks_taken_from_freelist: 2198.
num_chunk_merges: 5.
num_chunk_splits: 1350.
num_chunks_enlarged: 734.
num_inconsistent_stats: 0.

CodeHeap 'non-profiled nmethods': size=120000Kb used=2286Kb max_used=2286Kb free=117713Kb
 bounds [0x000001b6de6b0000, 0x000001b6de920000, 0x000001b6e5be0000]
CodeHeap 'profiled nmethods': size=120000Kb used=10083Kb max_used=10083Kb free=109917Kb
 bounds [0x000001b6d6be0000, 0x000001b6d75c0000, 0x000001b6de110000]
CodeHeap 'non-nmethods': size=5760Kb used=1336Kb max_used=1368Kb free=4423Kb
 bounds [0x000001b6de110000, 0x000001b6de380000, 0x000001b6de6b0000]
 total_blobs=5276 nmethods=4648 adapters=534
 compilation: enabled
              stopped_count=0, restarted_count=0
 full_count=0

Compilation events (20 events):
Event: 35.299 Thread 0x000001b6f17c1090 nmethod 4567 0x000001b6de8e8e10 code [0x000001b6de8e8fa0, 0x000001b6de8e9070]
Event: 35.300 Thread 0x000001b6eaa3dc10 4569   !   3       sun.nio.cs.StreamDecoder::read (78 bytes)
Event: 35.300 Thread 0x000001b6f17c1090 4572       4       sun.nio.cs.StreamDecoder::ensureOpen (18 bytes)
Event: 35.301 Thread 0x000001b6eaa3dc10 nmethod 4569 0x000001b6d7574390 code [0x000001b6d7574620, 0x000001b6d7575478]
Event: 35.301 Thread 0x000001b6eaa3dc10 4571       3       org.codehaus.plexus.util.InterpolationFilterReader::read (477 bytes)
Event: 35.301 Thread 0x000001b6f17c1090 nmethod 4572 0x000001b6de8e9110 code [0x000001b6de8e9280, 0x000001b6de8e9328]
Event: 35.301 Thread 0x000001b6f17c1090 4573   !   4       java.nio.charset.CharsetDecoder::decode (275 bytes)
Event: 35.307 Thread 0x000001b6eaa3dc10 nmethod 4571 0x000001b6d7575990 code [0x000001b6d75760e0, 0x000001b6d757a538]
Event: 35.307 Thread 0x000001b6eaa3dc10 4570       3       sun.nio.cs.StreamDecoder::lockedRead (189 bytes)
Event: 35.308 Thread 0x000001b6eaa3dc10 nmethod 4570 0x000001b6d757bf90 code [0x000001b6d757c200, 0x000001b6d757ccc8]
Event: 35.315 Thread 0x000001b6f17c1090 nmethod 4573 0x000001b6de8e9410 code [0x000001b6de8e9680, 0x000001b6de8e9c90]
Event: 35.316 Thread 0x000001b6f17c1090 4575   !   4       sun.nio.cs.StreamDecoder::read (78 bytes)
Event: 35.317 Thread 0x000001b6eaa3dc10 4578       3       org.eclipse.osgi.container.ModuleDatabase$Persistence::getStringsVersionsAndMaps (286 bytes)
Event: 35.318 Thread 0x000001b6eaa3dc10 nmethod 4578 0x000001b6d757d010 code [0x000001b6d757d3e0, 0x000001b6d757f128]
Event: 35.339 Thread 0x000001b6eaa3dc10 4579       3       java.util.ArrayList::contains (14 bytes)
Event: 35.339 Thread 0x000001b6eaa3dc10 nmethod 4579 0x000001b6d757fa10 code [0x000001b6d757fbc0, 0x000001b6d757fec0]
Event: 35.351 Thread 0x000001b6eaa3dc10 4580       3       java.lang.AbstractStringBuilder::shift (37 bytes)
Event: 35.351 Thread 0x000001b6eaa3dc10 nmethod 4580 0x000001b6d757ff90 code [0x000001b6d7580140, 0x000001b6d7580330]
Event: 35.414 Thread 0x000001b6eaa3dc10 4583       3       java.lang.Integer::numberOfTrailingZeros (80 bytes)
Event: 35.778 Thread 0x000001b6eaa3dc10 nmethod 4583 0x000001b6d7580410 code [0x000001b6d75805c0, 0x000001b6d7580818]

GC Heap History (20 events):
Event: 7.235 GC heap before
{Heap before GC invocations=2 (full 0):
 PSYoungGen      total 29696K, used 28903K [0x00000000d5580000, 0x00000000d7680000, 0x0000000100000000)
  eden space 25600K, 100% used [0x00000000d5580000,0x00000000d6e80000,0x00000000d6e80000)
  from space 4096K, 80% used [0x00000000d6e80000,0x00000000d71b9e98,0x00000000d7280000)
  to   space 4096K, 0% used [0x00000000d7280000,0x00000000d7280000,0x00000000d7680000)
 ParOldGen       total 68608K, used 8K [0x0000000080000000, 0x0000000084300000, 0x00000000d5580000)
  object space 68608K, 0% used [0x0000000080000000,0x0000000080002000,0x0000000084300000)
 Metaspace       used 8071K, committed 8384K, reserved 1114112K
  class space    used 792K, committed 960K, reserved 1048576K
}
Event: 7.243 GC heap after
{Heap after GC invocations=2 (full 0):
 PSYoungGen      total 29696K, used 4086K [0x00000000d5580000, 0x00000000d7680000, 0x0000000100000000)
  eden space 25600K, 0% used [0x00000000d5580000,0x00000000d5580000,0x00000000d6e80000)
  from space 4096K, 99% used [0x00000000d7280000,0x00000000d767d810,0x00000000d7680000)
  to   space 4096K, 0% used [0x00000000d6e80000,0x00000000d6e80000,0x00000000d7280000)
 ParOldGen       total 68608K, used 1964K [0x0000000080000000, 0x0000000084300000, 0x00000000d5580000)
  object space 68608K, 2% used [0x0000000080000000,0x00000000801eb330,0x0000000084300000)
 Metaspace       used 8071K, committed 8384K, reserved 1114112K
  class space    used 792K, committed 960K, reserved 1048576K
}
Event: 9.625 GC heap before
{Heap before GC invocations=3 (full 0):
 PSYoungGen      total 29696K, used 29686K [0x00000000d5580000, 0x00000000d7680000, 0x0000000100000000)
  eden space 25600K, 100% used [0x00000000d5580000,0x00000000d6e80000,0x00000000d6e80000)
  from space 4096K, 99% used [0x00000000d7280000,0x00000000d767d810,0x00000000d7680000)
  to   space 4096K, 0% used [0x00000000d6e80000,0x00000000d6e80000,0x00000000d7280000)
 ParOldGen       total 68608K, used 1964K [0x0000000080000000, 0x0000000084300000, 0x00000000d5580000)
  object space 68608K, 2% used [0x0000000080000000,0x00000000801eb330,0x0000000084300000)
 Metaspace       used 9703K, committed 10048K, reserved 1114112K
  class space    used 978K, committed 1152K, reserved 1048576K
}
Event: 9.634 GC heap after
{Heap after GC invocations=3 (full 0):
 PSYoungGen      total 29696K, used 4082K [0x00000000d5580000, 0x00000000d7680000, 0x0000000100000000)
  eden space 25600K, 0% used [0x00000000d5580000,0x00000000d5580000,0x00000000d6e80000)
  from space 4096K, 99% used [0x00000000d6e80000,0x00000000d727c8b8,0x00000000d7280000)
  to   space 4096K, 0% used [0x00000000d7280000,0x00000000d7280000,0x00000000d7680000)
 ParOldGen       total 68608K, used 4569K [0x0000000080000000, 0x0000000084300000, 0x00000000d5580000)
  object space 68608K, 6% used [0x0000000080000000,0x0000000080476698,0x0000000084300000)
 Metaspace       used 9703K, committed 10048K, reserved 1114112K
  class space    used 978K, committed 1152K, reserved 1048576K
}
Event: 15.331 GC heap before
{Heap before GC invocations=4 (full 0):
 PSYoungGen      total 29696K, used 29682K [0x00000000d5580000, 0x00000000d7680000, 0x0000000100000000)
  eden space 25600K, 100% used [0x00000000d5580000,0x00000000d6e80000,0x00000000d6e80000)
  from space 4096K, 99% used [0x00000000d6e80000,0x00000000d727c8b8,0x00000000d7280000)
  to   space 4096K, 0% used [0x00000000d7280000,0x00000000d7280000,0x00000000d7680000)
 ParOldGen       total 68608K, used 4569K [0x0000000080000000, 0x0000000084300000, 0x00000000d5580000)
  object space 68608K, 6% used [0x0000000080000000,0x0000000080476698,0x0000000084300000)
 Metaspace       used 11728K, committed 12096K, reserved 1114112K
  class space    used 1165K, committed 1344K, reserved 1048576K
}
Event: 15.338 GC heap after
{Heap after GC invocations=4 (full 0):
 PSYoungGen      total 29696K, used 4082K [0x00000000d5580000, 0x00000000d7680000, 0x0000000100000000)
  eden space 25600K, 0% used [0x00000000d5580000,0x00000000d5580000,0x00000000d6e80000)
  from space 4096K, 99% used [0x00000000d7280000,0x00000000d767c9b8,0x00000000d7680000)
  to   space 4096K, 0% used [0x00000000d6e80000,0x00000000d6e80000,0x00000000d7280000)
 ParOldGen       total 68608K, used 6807K [0x0000000080000000, 0x0000000084300000, 0x00000000d5580000)
  object space 68608K, 9% used [0x0000000080000000,0x00000000806a5c48,0x0000000084300000)
 Metaspace       used 11728K, committed 12096K, reserved 1114112K
  class space    used 1165K, committed 1344K, reserved 1048576K
}
Event: 16.784 GC heap before
{Heap before GC invocations=5 (full 0):
 PSYoungGen      total 29696K, used 29682K [0x00000000d5580000, 0x00000000d7680000, 0x0000000100000000)
  eden space 25600K, 100% used [0x00000000d5580000,0x00000000d6e80000,0x00000000d6e80000)
  from space 4096K, 99% used [0x00000000d7280000,0x00000000d767c9b8,0x00000000d7680000)
  to   space 4096K, 0% used [0x00000000d6e80000,0x00000000d6e80000,0x00000000d7280000)
 ParOldGen       total 68608K, used 6807K [0x0000000080000000, 0x0000000084300000, 0x00000000d5580000)
  object space 68608K, 9% used [0x0000000080000000,0x00000000806a5c48,0x0000000084300000)
 Metaspace       used 15624K, committed 16192K, reserved 1114112K
  class space    used 1539K, committed 1792K, reserved 1048576K
}
Event: 16.797 GC heap after
{Heap after GC invocations=5 (full 0):
 PSYoungGen      total 29184K, used 4089K [0x00000000d5580000, 0x00000000d7900000, 0x0000000100000000)
  eden space 25088K, 0% used [0x00000000d5580000,0x00000000d5580000,0x00000000d6e00000)
  from space 4096K, 99% used [0x00000000d6e80000,0x00000000d727e568,0x00000000d7280000)
  to   space 5632K, 0% used [0x00000000d7380000,0x00000000d7380000,0x00000000d7900000)
 ParOldGen       total 68608K, used 7876K [0x0000000080000000, 0x0000000084300000, 0x00000000d5580000)
  object space 68608K, 11% used [0x0000000080000000,0x00000000807b1070,0x0000000084300000)
 Metaspace       used 15624K, committed 16192K, reserved 1114112K
  class space    used 1539K, committed 1792K, reserved 1048576K
}
Event: 21.659 GC heap before
{Heap before GC invocations=6 (full 0):
 PSYoungGen      total 29184K, used 29177K [0x00000000d5580000, 0x00000000d7900000, 0x0000000100000000)
  eden space 25088K, 100% used [0x00000000d5580000,0x00000000d6e00000,0x00000000d6e00000)
  from space 4096K, 99% used [0x00000000d6e80000,0x00000000d727e568,0x00000000d7280000)
  to   space 5632K, 0% used [0x00000000d7380000,0x00000000d7380000,0x00000000d7900000)
 ParOldGen       total 68608K, used 7876K [0x0000000080000000, 0x0000000084300000, 0x00000000d5580000)
  object space 68608K, 11% used [0x0000000080000000,0x00000000807b1070,0x0000000084300000)
 Metaspace       used 18967K, committed 19712K, reserved 1114112K
  class space    used 1894K, committed 2240K, reserved 1048576K
}
Event: 21.668 GC heap after
{Heap after GC invocations=6 (full 0):
 PSYoungGen      total 30208K, used 5337K [0x00000000d5580000, 0x00000000d7900000, 0x0000000100000000)
  eden space 24576K, 0% used [0x00000000d5580000,0x00000000d5580000,0x00000000d6d80000)
  from space 5632K, 94% used [0x00000000d7380000,0x00000000d78b64a0,0x00000000d7900000)
  to   space 5632K, 0% used [0x00000000d6e00000,0x00000000d6e00000,0x00000000d7380000)
 ParOldGen       total 68608K, used 7876K [0x0000000080000000, 0x0000000084300000, 0x00000000d5580000)
  object space 68608K, 11% used [0x0000000080000000,0x00000000807b1070,0x0000000084300000)
 Metaspace       used 18967K, committed 19712K, reserved 1114112K
  class space    used 1894K, committed 2240K, reserved 1048576K
}
Event: 22.567 GC heap before
{Heap before GC invocations=7 (full 0):
 PSYoungGen      total 30208K, used 23276K [0x00000000d5580000, 0x00000000d7900000, 0x0000000100000000)
  eden space 24576K, 72% used [0x00000000d5580000,0x00000000d6704e48,0x00000000d6d80000)
  from space 5632K, 94% used [0x00000000d7380000,0x00000000d78b64a0,0x00000000d7900000)
  to   space 5632K, 0% used [0x00000000d6e00000,0x00000000d6e00000,0x00000000d7380000)
 ParOldGen       total 68608K, used 7876K [0x0000000080000000, 0x0000000084300000, 0x00000000d5580000)
  object space 68608K, 11% used [0x0000000080000000,0x00000000807b1070,0x0000000084300000)
 Metaspace       used 20704K, committed 21504K, reserved 1114112K
  class space    used 2086K, committed 2432K, reserved 1048576K
}
Event: 22.576 GC heap after
{Heap after GC invocations=7 (full 0):
 PSYoungGen      total 29184K, used 4112K [0x00000000d5580000, 0x00000000d7680000, 0x0000000100000000)
  eden space 24576K, 0% used [0x00000000d5580000,0x00000000d5580000,0x00000000d6d80000)
  from space 4608K, 89% used [0x00000000d6e00000,0x00000000d7204138,0x00000000d7280000)
  to   space 4096K, 0% used [0x00000000d7280000,0x00000000d7280000,0x00000000d7680000)
 ParOldGen       total 68608K, used 9476K [0x0000000080000000, 0x0000000084300000, 0x00000000d5580000)
  object space 68608K, 13% used [0x0000000080000000,0x0000000080941030,0x0000000084300000)
 Metaspace       used 20704K, committed 21504K, reserved 1114112K
  class space    used 2086K, committed 2432K, reserved 1048576K
}
Event: 22.576 GC heap before
{Heap before GC invocations=8 (full 1):
 PSYoungGen      total 29184K, used 4112K [0x00000000d5580000, 0x00000000d7680000, 0x0000000100000000)
  eden space 24576K, 0% used [0x00000000d5580000,0x00000000d5580000,0x00000000d6d80000)
  from space 4608K, 89% used [0x00000000d6e00000,0x00000000d7204138,0x00000000d7280000)
  to   space 4096K, 0% used [0x00000000d7280000,0x00000000d7280000,0x00000000d7680000)
 ParOldGen       total 68608K, used 9476K [0x0000000080000000, 0x0000000084300000, 0x00000000d5580000)
  object space 68608K, 13% used [0x0000000080000000,0x0000000080941030,0x0000000084300000)
 Metaspace       used 20704K, committed 21504K, reserved 1114112K
  class space    used 2086K, committed 2432K, reserved 1048576K
}
Event: 22.640 GC heap after
{Heap after GC invocations=8 (full 1):
 PSYoungGen      total 29184K, used 0K [0x00000000d5580000, 0x00000000d7680000, 0x0000000100000000)
  eden space 24576K, 0% used [0x00000000d5580000,0x00000000d5580000,0x00000000d6d80000)
  from space 4608K, 0% used [0x00000000d6e00000,0x00000000d6e00000,0x00000000d7280000)
  to   space 4096K, 0% used [0x00000000d7280000,0x00000000d7280000,0x00000000d7680000)
 ParOldGen       total 68608K, used 13007K [0x0000000080000000, 0x0000000084300000, 0x00000000d5580000)
  object space 68608K, 18% used [0x0000000080000000,0x0000000080cb3ca8,0x0000000084300000)
 Metaspace       used 20691K, committed 21504K, reserved 1114112K
  class space    used 2082K, committed 2432K, reserved 1048576K
}
Event: 28.942 GC heap before
{Heap before GC invocations=9 (full 1):
 PSYoungGen      total 29184K, used 24576K [0x00000000d5580000, 0x00000000d7680000, 0x0000000100000000)
  eden space 24576K, 100% used [0x00000000d5580000,0x00000000d6d80000,0x00000000d6d80000)
  from space 4608K, 0% used [0x00000000d6e00000,0x00000000d6e00000,0x00000000d7280000)
  to   space 4096K, 0% used [0x00000000d7280000,0x00000000d7280000,0x00000000d7680000)
 ParOldGen       total 68608K, used 13007K [0x0000000080000000, 0x0000000084300000, 0x00000000d5580000)
  object space 68608K, 18% used [0x0000000080000000,0x0000000080cb3ca8,0x0000000084300000)
 Metaspace       used 23135K, committed 24128K, reserved 1114112K
  class space    used 2314K, committed 2752K, reserved 1048576K
}
Event: 28.952 GC heap after
{Heap after GC invocations=9 (full 1):
 PSYoungGen      total 28160K, used 4066K [0x00000000d5580000, 0x00000000d7680000, 0x0000000100000000)
  eden space 24064K, 0% used [0x00000000d5580000,0x00000000d5580000,0x00000000d6d00000)
  from space 4096K, 99% used [0x00000000d7280000,0x00000000d76789e8,0x00000000d7680000)
  to   space 4608K, 0% used [0x00000000d6d80000,0x00000000d6d80000,0x00000000d7200000)
 ParOldGen       total 68608K, used 13015K [0x0000000080000000, 0x0000000084300000, 0x00000000d5580000)
  object space 68608K, 18% used [0x0000000080000000,0x0000000080cb5ca8,0x0000000084300000)
 Metaspace       used 23135K, committed 24128K, reserved 1114112K
  class space    used 2314K, committed 2752K, reserved 1048576K
}
Event: 30.917 GC heap before
{Heap before GC invocations=10 (full 1):
 PSYoungGen      total 28160K, used 28123K [0x00000000d5580000, 0x00000000d7680000, 0x0000000100000000)
  eden space 24064K, 99% used [0x00000000d5580000,0x00000000d6cfe328,0x00000000d6d00000)
  from space 4096K, 99% used [0x00000000d7280000,0x00000000d76789e8,0x00000000d7680000)
  to   space 4608K, 0% used [0x00000000d6d80000,0x00000000d6d80000,0x00000000d7200000)
 ParOldGen       total 68608K, used 13015K [0x0000000080000000, 0x0000000084300000, 0x00000000d5580000)
  object space 68608K, 18% used [0x0000000080000000,0x0000000080cb5ca8,0x0000000084300000)
 Metaspace       used 25901K, committed 26880K, reserved 1114112K
  class space    used 2550K, committed 3008K, reserved 1048576K
}
Event: 30.922 GC heap after
{Heap after GC invocations=10 (full 1):
 PSYoungGen      total 27136K, used 3126K [0x00000000d5580000, 0x00000000d7380000, 0x0000000100000000)
  eden space 23552K, 0% used [0x00000000d5580000,0x00000000d5580000,0x00000000d6c80000)
  from space 3584K, 87% used [0x00000000d6d80000,0x00000000d708da98,0x00000000d7100000)
  to   space 2560K, 0% used [0x00000000d7100000,0x00000000d7100000,0x00000000d7380000)
 ParOldGen       total 68608K, used 13023K [0x0000000080000000, 0x0000000084300000, 0x00000000d5580000)
  object space 68608K, 18% used [0x0000000080000000,0x0000000080cb7ca8,0x0000000084300000)
 Metaspace       used 25901K, committed 26880K, reserved 1114112K
  class space    used 2550K, committed 3008K, reserved 1048576K
}
Event: 32.564 GC heap before
{Heap before GC invocations=11 (full 1):
 PSYoungGen      total 27136K, used 26678K [0x00000000d5580000, 0x00000000d7380000, 0x0000000100000000)
  eden space 23552K, 100% used [0x00000000d5580000,0x00000000d6c80000,0x00000000d6c80000)
  from space 3584K, 87% used [0x00000000d6d80000,0x00000000d708da98,0x00000000d7100000)
  to   space 2560K, 0% used [0x00000000d7100000,0x00000000d7100000,0x00000000d7380000)
 ParOldGen       total 68608K, used 13023K [0x0000000080000000, 0x0000000084300000, 0x00000000d5580000)
  object space 68608K, 18% used [0x0000000080000000,0x0000000080cb7ca8,0x0000000084300000)
 Metaspace       used 29029K, committed 30016K, reserved 1114112K
  class space    used 2894K, committed 3328K, reserved 1048576K
}
Event: 32.567 GC heap after
{Heap after GC invocations=11 (full 1):
 PSYoungGen      total 24576K, used 1238K [0x00000000d5580000, 0x00000000d7280000, 0x0000000100000000)
  eden space 23040K, 0% used [0x00000000d5580000,0x00000000d5580000,0x00000000d6c00000)
  from space 1536K, 80% used [0x00000000d7100000,0x00000000d7235958,0x00000000d7280000)
  to   space 2048K, 0% used [0x00000000d6e80000,0x00000000d6e80000,0x00000000d7080000)
 ParOldGen       total 68608K, used 15073K [0x0000000080000000, 0x0000000084300000, 0x00000000d5580000)
  object space 68608K, 21% used [0x0000000080000000,0x0000000080eb8708,0x0000000084300000)
 Metaspace       used 29029K, committed 30016K, reserved 1114112K
  class space    used 2894K, committed 3328K, reserved 1048576K
}

Dll operation events (11 events):
Event: 0.024 Loaded shared library C:\Program Files\Java\jdk-21\bin\java.dll
Event: 0.082 Loaded shared library C:\Program Files\Java\jdk-21\bin\jsvml.dll
Event: 0.352 Loaded shared library C:\Program Files\Java\jdk-21\bin\zip.dll
Event: 0.359 Loaded shared library C:\Program Files\Java\jdk-21\bin\instrument.dll
Event: 0.369 Loaded shared library C:\Program Files\Java\jdk-21\bin\net.dll
Event: 0.373 Loaded shared library C:\Program Files\Java\jdk-21\bin\nio.dll
Event: 0.383 Loaded shared library C:\Program Files\Java\jdk-21\bin\zip.dll
Event: 0.449 Loaded shared library C:\Program Files\Java\jdk-21\bin\jimage.dll
Event: 0.778 Loaded shared library C:\Program Files\Java\jdk-21\bin\verify.dll
Event: 7.776 Loaded shared library C:\Users\Adarsh Kumar Choubey\AppData\Roaming\Code\User\globalStorage\redhat.java\1.55.0\config_win\org.eclipse.equinox.launcher\org.eclipse.equinox.launcher.win32.win32.x86_64_1.3.100.v20260613-0559\eclipse_11924.dll
Event: 18.495 Loaded shared library C:\Users\Adarsh Kumar Choubey\AppData\Local\Temp\jna--1956179928\jna2258036046323966598.dll

Deoptimization events (20 events):
Event: 35.252 Thread 0x000001b6f10fd810 Uncommon trap: trap_request=0xffffffde fr.pc=0x000001b6de84e804 relative=0x0000000000000404
Event: 35.252 Thread 0x000001b6f10fd810 Uncommon trap: reason=class_check action=maybe_recompile pc=0x000001b6de84e804 method=java.io.BufferedInputStream.read1([BII)I @ 52 c2
Event: 35.252 Thread 0x000001b6f10fd810 DEOPT PACKING pc=0x000001b6de84e804 sp=0x00000074603fdd80
Event: 35.252 Thread 0x000001b6f10fd810 DEOPT UNPACKING pc=0x000001b6de163aa2 sp=0x00000074603fdd18 mode 2
Event: 35.254 Thread 0x000001b6f10fd810 Uncommon trap: trap_request=0xffffff45 fr.pc=0x000001b6de8d64f8 relative=0x0000000000000af8
Event: 35.255 Thread 0x000001b6f10fd810 Uncommon trap: reason=unstable_if action=reinterpret pc=0x000001b6de8d64f8 method=sun.nio.cs.StreamDecoder.implRead([CII)I @ 186 c2
Event: 35.255 Thread 0x000001b6f10fd810 DEOPT PACKING pc=0x000001b6de8d64f8 sp=0x00000074603fdfa0
Event: 35.255 Thread 0x000001b6f10fd810 DEOPT UNPACKING pc=0x000001b6de163aa2 sp=0x00000074603fdec8 mode 2
Event: 35.255 Thread 0x000001b6f10fd810 Uncommon trap: trap_request=0xffffff45 fr.pc=0x000001b6de8d63c4 relative=0x00000000000009c4
Event: 35.255 Thread 0x000001b6f10fd810 Uncommon trap: reason=unstable_if action=reinterpret pc=0x000001b6de8d63c4 method=sun.nio.cs.StreamDecoder.lockedRead0()I @ 30 c2
Event: 35.255 Thread 0x000001b6f10fd810 DEOPT PACKING pc=0x000001b6de8d63c4 sp=0x00000074603fe0d0
Event: 35.255 Thread 0x000001b6f10fd810 DEOPT UNPACKING pc=0x000001b6de163aa2 sp=0x00000074603fdf98 mode 2
Event: 35.255 Thread 0x000001b6f10fd810 Uncommon trap: trap_request=0xffffff45 fr.pc=0x000001b6de8d9d20 relative=0x0000000000000240
Event: 35.255 Thread 0x000001b6f10fd810 Uncommon trap: reason=unstable_if action=reinterpret pc=0x000001b6de8d9d20 method=java.io.Reader.read()I @ 12 c2
Event: 35.255 Thread 0x000001b6f10fd810 DEOPT PACKING pc=0x000001b6de8d9d20 sp=0x00000074603fe200
Event: 35.255 Thread 0x000001b6f10fd810 DEOPT UNPACKING pc=0x000001b6de163aa2 sp=0x00000074603fe110 mode 2
Event: 35.415 Thread 0x000001b6f0576380 Uncommon trap: trap_request=0xffffff45 fr.pc=0x000001b6de815548 relative=0x0000000000000968
Event: 35.786 Thread 0x000001b6f0576380 Uncommon trap: reason=unstable_if action=reinterpret pc=0x000001b6de815548 method=java.util.HashMap.putVal(ILjava/lang/Object;Ljava/lang/Object;ZZ)Ljava/lang/Object; @ 94 c2
Event: 35.786 Thread 0x000001b6f0576380 DEOPT PACKING pc=0x000001b6de815548 sp=0x000000745fbfee20
Event: 35.786 Thread 0x000001b6f0576380 DEOPT UNPACKING pc=0x000001b6de163aa2 sp=0x000000745fbfeda8 mode 2

Classes loaded (20 events):
Event: 31.286 Loading class sun/reflect/annotation/AnnotatedTypeFactory$AnnotatedTypeBaseImpl
Event: 31.287 Loading class sun/reflect/annotation/AnnotatedTypeFactory$AnnotatedTypeBaseImpl done
Event: 31.824 Loading class java/lang/annotation/ElementType
Event: 31.830 Loading class java/lang/annotation/ElementType done
Event: 32.098 Loading class java/lang/reflect/ParameterizedType
Event: 32.101 Loading class java/lang/reflect/ParameterizedType done
Event: 32.130 Loading class java/lang/reflect/WildcardType
Event: 32.149 Loading class java/lang/reflect/WildcardType done
Event: 32.157 Loading class sun/reflect/generics/tree/TypeVariableSignature
Event: 32.198 Loading class sun/reflect/generics/tree/TypeVariableSignature done
Event: 32.364 Loading class java/lang/Deprecated
Event: 32.374 Loading class java/lang/Deprecated done
Event: 32.824 Loading class java/lang/annotation/IncompleteAnnotationException
Event: 32.825 Loading class java/lang/annotation/IncompleteAnnotationException done
Event: 34.121 Loading class java/lang/foreign/MemorySegment
Event: 34.137 Loading class java/lang/foreign/MemorySegment done
Event: 34.257 Loading class java/util/concurrent/locks/ReentrantReadWriteLock$Sync$HoldCounter
Event: 34.283 Loading class java/util/concurrent/locks/ReentrantReadWriteLock$Sync$HoldCounter done
Event: 35.264 Loading class java/util/RegularEnumSet$EnumSetIterator
Event: 35.270 Loading class java/util/RegularEnumSet$EnumSetIterator done

Classes unloaded (7 events):
Event: 22.589 Thread 0x000001b6ccfb9970 Unloading class 0x000001b6811d5000 'java/lang/invoke/LambdaForm$MH+0x000001b6811d5000'
Event: 22.589 Thread 0x000001b6ccfb9970 Unloading class 0x000001b6811d4c00 'java/lang/invoke/LambdaForm$MH+0x000001b6811d4c00'
Event: 22.589 Thread 0x000001b6ccfb9970 Unloading class 0x000001b6811d4800 'java/lang/invoke/LambdaForm$MH+0x000001b6811d4800'
Event: 22.589 Thread 0x000001b6ccfb9970 Unloading class 0x000001b6811d4400 'java/lang/invoke/LambdaForm$MH+0x000001b6811d4400'
Event: 22.589 Thread 0x000001b6ccfb9970 Unloading class 0x000001b6811d4000 'java/lang/invoke/LambdaForm$BMH+0x000001b6811d4000'
Event: 22.589 Thread 0x000001b6ccfb9970 Unloading class 0x000001b6811d3c00 'java/lang/invoke/LambdaForm$DMH+0x000001b6811d3c00'
Event: 22.589 Thread 0x000001b6ccfb9970 Unloading class 0x000001b6811d2800 'java/lang/invoke/LambdaForm$DMH+0x000001b6811d2800'

Classes redefined (0 events):
No events

Internal exceptions (20 events):
Event: 22.726 Thread 0x000001b6f0725da0 Exception <a 'java/lang/NoSuchMethodError'{0x00000000d575a9f0}: 'int java.lang.invoke.DirectMethodHandle$Holder.invokeStaticInit(java.lang.Object, long, long)'> (0x00000000d575a9f0) 
thrown [s\open\src\hotspot\share\interpreter\linkResolver.cpp, line 773]
Event: 22.727 Thread 0x000001b6f0725da0 Exception <a 'java/lang/NoSuchMethodError'{0x00000000d5762348}: 'int java.lang.invoke.DirectMethodHandle$Holder.invokeStaticInit(java.lang.Object, float, float)'> (0x00000000d5762348) 
thrown [s\open\src\hotspot\share\interpreter\linkResolver.cpp, line 773]
Event: 22.728 Thread 0x000001b6f0725da0 Exception <a 'java/lang/NoSuchMethodError'{0x00000000d5769c98}: 'int java.lang.invoke.DirectMethodHandle$Holder.invokeStaticInit(java.lang.Object, double, double)'> (0x00000000d5769c98) 
thrown [s\open\src\hotspot\share\interpreter\linkResolver.cpp, line 773]
Event: 22.730 Thread 0x000001b6f0725da0 Exception <a 'java/lang/NoSuchMethodError'{0x00000000d576f030}: 'int java.lang.invoke.DirectMethodHandle$Holder.invokeStatic(java.lang.Object, long)'> (0x00000000d576f030) 
thrown [s\open\src\hotspot\share\interpreter\linkResolver.cpp, line 773]
Event: 22.741 Thread 0x000001b6f0725da0 Exception <a 'java/lang/NoSuchMethodError'{0x00000000d578db28}: 'int java.lang.invoke.Invokers$Holder.linkToTargetMethod(java.lang.Object, java.lang.Object)'> (0x00000000d578db28) 
thrown [s\open\src\hotspot\share\interpreter\linkResolver.cpp, line 773]
Event: 23.404 Thread 0x000001b6f0725da0 Exception <a 'java/lang/NoSuchMethodError'{0x00000000d5a3f7e8}: 'java.lang.Object java.lang.invoke.Invokers$Holder.invoke_MT(java.lang.Object, java.lang.Object, java.lang.Object, java.lang.Object, java.lang.Object, java.lang.Object, java.lang.Object, java.lang.Object, java.lang.Object, java.lang.Object, java.lang.Object)'> (0x00000000d5a3f7e8) 
thrown [s\open\src\hotspot\share\interpreter\linkResolver.cpp, line 773]
Event: 23.440 Thread 0x000001b6f0725da0 Exception <a 'java/lang/NoSuchMethodError'{0x00000000d5acc1b0}: 'java.lang.Object java.lang.invoke.Invokers$Holder.invoke_MT(java.lang.Object, java.lang.Object, java.lang.Object, java.lang.Object, java.lang.Object, java.lang.Object, java.lang.Object, java.lang.Object, java.lang.Object, java.lang.Object)'> (0x00000000d5acc1b0) 
thrown [s\open\src\hotspot\share\interpreter\linkResolver.cpp, line 773]
Event: 23.604 Thread 0x000001b6f0725da0 Exception <a 'java/lang/NoSuchMethodError'{0x00000000d5b62730}: 'java.lang.Object java.lang.invoke.DirectMethodHandle$Holder.newInvokeSpecial(java.lang.Object, java.lang.Object, java.lang.Object, java.lang.Object, java.lang.Object, java.lang.Object, java.lang.Object)'> (0x00000000d5b62730) 
thrown [s\open\src\hotspot\share\interpreter\linkResolver.cpp, line 773]
Event: 23.975 Thread 0x000001b6f0725da0 Exception <a 'java/lang/NoSuchMethodError'{0x00000000d5bd8e78}: 'java.lang.Object java.lang.invoke.Invokers$Holder.invoker(java.lang.Object, java.lang.Object, java.lang.Object, java.lang.Object, java.lang.Object, java.lang.Object, java.lang.Object, java.lang.Object, java.lang.Object, java.lang.Object, java.lang.Object, java.lang.Object, java.lang.Object)'> (0x00000000d5bd8e78) 
thrown [s\open\src\hotspot\share\interpreter\linkResolver.cpp, line 773]
Event: 23.990 Thread 0x000001b6f0725da0 Exception <a 'java/lang/NoSuchMethodError'{0x00000000d5be3200}: 'java.lang.Object java.lang.invoke.DelegatingMethodHandle$Holder.delegate(java.lang.Object, java.lang.Object, java.lang.Object, java.lang.Object, java.lang.Object, java.lang.Object, java.lang.Object, java.lang.Object, java.lang.Object, java.lang.Object, java.lang.Object, java.lang.Object, java.lang.Object)'> (0x00000000d5be3200) 
thrown [s\open\src\hotspot\share\interpreter\linkResolver.cpp, line 773]
Event: 24.054 Thread 0x000001b6f0725da0 Exception <a 'java/lang/NoSuchMethodError'{0x00000000d5c4f1c8}: static Lorg/eclipse/m2e/core/internal/lifecyclemapping/model/PluginExecutionMetadata;.<clinit>()V> (0x00000000d5c4f1c8) 
thrown [s\open\src\hotspot\share\prims\jni.cpp, line 1111]
Event: 24.369 Thread 0x000001b6f0725da0 Exception <a 'java/lang/NoSuchMethodError'{0x00000000d5caef10}: static Lorg/eclipse/m2e/core/internal/lifecyclemapping/model/PluginExecutionFilter;.<clinit>()V> (0x00000000d5caef10) 
thrown [s\open\src\hotspot\share\prims\jni.cpp, line 1111]
Event: 24.435 Thread 0x000001b6f0725da0 Exception <a 'java/lang/NoSuchMethodError'{0x00000000d5cdb840}: static Lorg/eclipse/m2e/core/internal/project/registry/MavenProjectFacade$MavenProjectConfiguration;.<clinit>()V> (0x00000000d5cdb840) 
thrown [s\open\src\hotspot\share\prims\jni.cpp, line 1111]
Event: 25.652 Thread 0x000001b6f0725da0 Exception <a 'java/lang/NoSuchMethodError'{0x00000000d625ac18}: 'double java.lang.invoke.DirectMethodHandle$Holder.invokeStatic(java.lang.Object, java.lang.Object)'> (0x00000000d625ac18) 
thrown [s\open\src\hotspot\share\interpreter\linkResolver.cpp, line 773]
Event: 25.652 Thread 0x000001b6f0725da0 Exception <a 'java/lang/NoSuchMethodError'{0x00000000d625e2a8}: 'double java.lang.invoke.DirectMethodHandle$Holder.invokeStaticInit(java.lang.Object, java.lang.Object)'> (0x00000000d625e2a8) 
thrown [s\open\src\hotspot\share\interpreter\linkResolver.cpp, line 773]
Event: 28.992 Thread 0x000001b6f10fd810 Exception <a 'java/lang/NoSuchMethodError'{0x00000000d573a580}: 'java.lang.Object java.lang.invoke.DirectMethodHandle$Holder.invokeSpecialIFC(java.lang.Object, java.lang.Object, java.lang.Object, java.lang.Object)'> (0x00000000d573a580) 
thrown [s\open\src\hotspot\share\interpreter\linkResolver.cpp, line 773]
Event: 32.825 Thread 0x000001b6f10fd810 Exception <a 'java/lang/NoClassDefFoundError'{0x00000000d594f338}: javax/enterprise/inject/Typed> (0x00000000d594f338) 
thrown [s\open\src\hotspot\share\classfile\systemDictionary.cpp, line 301]
Event: 35.220 Thread 0x000001b6f0725da0 Exception <a 'java/lang/NoSuchMethodError'{0x00000000d67b9c30}: 'java.lang.Object java.lang.invoke.DirectMethodHandle$Holder.newInvokeSpecial(java.lang.Object, int, java.lang.Object, java.lang.Object)'> (0x00000000d67b9c30) 
thrown [s\open\src\hotspot\share\interpreter\linkResolver.cpp, line 773]
Event: 35.416 Thread 0x000001b6f0725da0 Exception <a 'java/io/FileNotFoundException'{0x00000000d67cfe40}> (0x00000000d67cfe40) 
thrown [s\open\src\hotspot\share\prims\jni.cpp, line 520]
Event: 35.421 Thread 0x000001b6f0725da0 Exception <a 'java/io/FileNotFoundException'{0x00000000d67d0eb0}> (0x00000000d67d0eb0) 
thrown [s\open\src\hotspot\share\prims\jni.cpp, line 520]

ZGC Phase Switch (0 events):
No events

VM Operations (20 events):
Event: 27.073 Executing VM operation: HandshakeAllThreads (Deoptimize)
Event: 27.211 Executing VM operation: HandshakeAllThreads (Deoptimize) done
Event: 28.232 Executing VM operation: Cleanup
Event: 28.248 Executing VM operation: Cleanup done
Event: 28.942 Executing VM operation: ParallelGCFailedAllocation (Allocation Failure)
Event: 28.952 Executing VM operation: ParallelGCFailedAllocation (Allocation Failure) done
Event: 29.970 Executing VM operation: Cleanup
Event: 29.970 Executing VM operation: Cleanup done
Event: 30.917 Executing VM operation: ParallelGCFailedAllocation (Allocation Failure)
Event: 30.922 Executing VM operation: ParallelGCFailedAllocation (Allocation Failure) done
Event: 31.932 Executing VM operation: Cleanup
Event: 31.933 Executing VM operation: Cleanup done
Event: 32.564 Executing VM operation: ParallelGCFailedAllocation (Allocation Failure)
Event: 32.568 Executing VM operation: ParallelGCFailedAllocation (Allocation Failure) done
Event: 32.733 Executing VM operation: HandshakeAllThreads (Deoptimize)
Event: 32.733 Executing VM operation: HandshakeAllThreads (Deoptimize) done
Event: 33.748 Executing VM operation: Cleanup
Event: 33.852 Executing VM operation: Cleanup done
Event: 34.867 Executing VM operation: Cleanup
Event: 35.171 Executing VM operation: Cleanup done

Events (20 events):
Event: 0.079 Thread 0x000001b6ea9c8d30 Thread added: 0x000001b6ea9c8d30
Event: 0.079 Thread 0x000001b6ea9cd390 Thread added: 0x000001b6ea9cd390
Event: 0.080 Thread 0x000001b6ea9cdee0 Thread added: 0x000001b6ea9cdee0
Event: 0.080 Thread 0x000001b6ea9ce930 Thread added: 0x000001b6ea9ce930
Event: 0.080 Thread 0x000001b6ea9d1770 Thread added: 0x000001b6ea9d1770
Event: 0.084 Thread 0x000001b6eaa3dc10 Thread added: 0x000001b6eaa3dc10
Event: 0.175 Thread 0x000001b6eb8830c0 Thread added: 0x000001b6eb8830c0
Event: 1.076 Thread 0x000001b6eba0ef90 Thread added: 0x000001b6eba0ef90
Event: 4.032 Thread 0x000001b6f0576380 Thread added: 0x000001b6f0576380
Event: 7.757 Thread 0x000001b6eaa23aa0 Thread added: 0x000001b6eaa23aa0
Event: 8.040 Thread 0x000001b6f07022e0 Thread added: 0x000001b6f07022e0
Event: 8.098 Thread 0x000001b6f0725da0 Thread added: 0x000001b6f0725da0
Event: 9.877 Thread 0x000001b6f0989d70 Thread added: 0x000001b6f0989d70
Event: 14.400 Thread 0x000001b6f0c43f40 Thread added: 0x000001b6f0c43f40
Event: 16.155 Thread 0x000001b6f101b200 Thread added: 0x000001b6f101b200
Event: 18.592 Thread 0x000001b6f0b53f10 Thread added: 0x000001b6f0b53f10
Event: 18.868 Thread 0x000001b6f10fd810 Thread added: 0x000001b6f10fd810
Event: 18.991 Thread 0x000001b6f10fd180 Thread added: 0x000001b6f10fd180
Event: 27.007 Thread 0x000001b6f10fb0b0 Thread added: 0x000001b6f10fb0b0
Event: 32.936 Thread 0x000001b6f17c1090 Thread added: 0x000001b6f17c1090


Dynamic libraries:
0x00007ff6b2960000 - 0x00007ff6b2970000 	C:\Program Files\Java\jdk-21\bin\java.exe
0x00007ffb45940000 - 0x00007ffb45ba6000 	C:\WINDOWS\SYSTEM32\ntdll.dll
0x00007ffb43e70000 - 0x00007ffb43f39000 	C:\WINDOWS\System32\KERNEL32.DLL
0x00007ffb42b60000 - 0x00007ffb42f5e000 	C:\WINDOWS\System32\KERNELBASE.dll
0x00007ffb3f470000 - 0x00007ffb3f510000 	C:\WINDOWS\SYSTEM32\apphelp.dll
0x00007ffb42fa0000 - 0x00007ffb430ec000 	C:\WINDOWS\System32\ucrtbase.dll
0x00007ffb1ee20000 - 0x00007ffb1ee39000 	C:\Program Files\Java\jdk-21\bin\jli.dll
0x00007ffb438c0000 - 0x00007ffb43977000 	C:\WINDOWS\System32\ADVAPI32.dll
0x00007ffb43750000 - 0x00007ffb437f9000 	C:\WINDOWS\System32\msvcrt.dll
0x00007ffb43980000 - 0x00007ffb43a2a000 	C:\WINDOWS\System32\sechost.dll
0x00007ffb43d30000 - 0x00007ffb43e48000 	C:\WINDOWS\System32\RPCRT4.dll
0x00007ffb43ad0000 - 0x00007ffb43c97000 	C:\WINDOWS\System32\USER32.dll
0x00007ffb42f70000 - 0x00007ffb42f97000 	C:\WINDOWS\System32\win32u.dll
0x00007ffb436f0000 - 0x00007ffb4371b000 	C:\WINDOWS\System32\GDI32.dll
0x00007ffb43100000 - 0x00007ffb4322a000 	C:\WINDOWS\System32\gdi32full.dll
0x00007ffb435c0000 - 0x00007ffb43663000 	C:\WINDOWS\System32\msvcp_win.dll
0x00007ffb14150000 - 0x00007ffb1416b000 	C:\Program Files\Java\jdk-21\bin\VCRUNTIME140.dll
0x00007ffb30d60000 - 0x00007ffb30ff2000 	C:\WINDOWS\WinSxS\amd64_microsoft.windows.common-controls_6595b64144ccf1df_6.0.26100.8894_none_3e0f749ee32e02ea\COMCTL32.dll
0x00007ffb3c3d0000 - 0x00007ffb3c3db000 	C:\WINDOWS\SYSTEM32\VERSION.dll
0x00007ffb450b0000 - 0x00007ffb450e2000 	C:\WINDOWS\System32\IMM32.DLL
0x00007ffb24000000 - 0x00007ffb2400c000 	C:\Program Files\Java\jdk-21\bin\vcruntime140_1.dll
0x00007ffae8aa0000 - 0x00007ffae8b2e000 	C:\Program Files\Java\jdk-21\bin\msvcp140.dll
0x00007ffa62fb0000 - 0x00007ffa63cc8000 	C:\Program Files\Java\jdk-21\bin\server\jvm.dll
0x00007ffb43ca0000 - 0x00007ffb43d20000 	C:\WINDOWS\System32\WS2_32.dll
0x00007ffb429e0000 - 0x00007ffb42a3e000 	C:\WINDOWS\SYSTEM32\POWRPROF.dll
0x00007ffb3c390000 - 0x00007ffb3c3c6000 	C:\WINDOWS\SYSTEM32\WINMM.dll
0x00007ffb429a0000 - 0x00007ffb429b4000 	C:\WINDOWS\SYSTEM32\UMPDC.dll
0x00007ffb41840000 - 0x00007ffb4185b000 	C:\WINDOWS\SYSTEM32\kernel.appcore.dll
0x00007ffb23f40000 - 0x00007ffb23f4a000 	C:\Program Files\Java\jdk-21\bin\jimage.dll
0x00007ffb40150000 - 0x00007ffb40392000 	C:\WINDOWS\SYSTEM32\DBGHELP.DLL
0x00007ffb452c0000 - 0x00007ffb45643000 	C:\WINDOWS\System32\combase.dll
0x00007ffb443d0000 - 0x00007ffb444a9000 	C:\WINDOWS\System32\OLEAUT32.dll
0x00007ffb2ad30000 - 0x00007ffb2ad6b000 	C:\WINDOWS\SYSTEM32\dbgcore.DLL
0x00007ffb43500000 - 0x00007ffb435ac000 	C:\WINDOWS\System32\bcryptPrimitives.dll
0x00007ffb23f10000 - 0x00007ffb23f1f000 	C:\Program Files\Java\jdk-21\bin\instrument.dll
0x00007ffb085a0000 - 0x00007ffb085bf000 	C:\Program Files\Java\jdk-21\bin\java.dll
0x00007ffb446c0000 - 0x00007ffb44e52000 	C:\WINDOWS\System32\SHELL32.dll
0x00007ffb405f0000 - 0x00007ffb40e82000 	C:\WINDOWS\SYSTEM32\windows.storage.dll
0x00007ffb45650000 - 0x00007ffb45747000 	C:\WINDOWS\System32\SHCORE.dll
0x00007ffb45040000 - 0x00007ffb450a7000 	C:\WINDOWS\System32\shlwapi.dll
0x00007ffb42a80000 - 0x00007ffb42aa9000 	C:\WINDOWS\SYSTEM32\profapi.dll
0x00007ffabee50000 - 0x00007ffabef27000 	C:\Program Files\Java\jdk-21\bin\jsvml.dll
0x00007ffb23430000 - 0x00007ffb23448000 	C:\Program Files\Java\jdk-21\bin\zip.dll
0x00007ffb23f00000 - 0x00007ffb23f10000 	C:\Program Files\Java\jdk-21\bin\net.dll
0x00007ffb373e0000 - 0x00007ffb37507000 	C:\WINDOWS\SYSTEM32\WINHTTP.dll
0x00007ffb41df0000 - 0x00007ffb41e5c000 	C:\WINDOWS\system32\mswsock.dll
0x00007ffb11200000 - 0x00007ffb11216000 	C:\Program Files\Java\jdk-21\bin\nio.dll
0x00007ffb23680000 - 0x00007ffb23690000 	C:\Program Files\Java\jdk-21\bin\verify.dll
0x00007ffae7810000 - 0x00007ffae7855000 	C:\Users\Adarsh Kumar Choubey\AppData\Roaming\Code\User\globalStorage\redhat.java\1.55.0\config_win\org.eclipse.equinox.launcher\org.eclipse.equinox.launcher.win32.win32.x86_64_1.3.100.v20260613-0559\eclipse_11924.dll
0x00007ffb45750000 - 0x00007ffb458e9000 	C:\WINDOWS\System32\ole32.dll
0x00007ffb420f0000 - 0x00007ffb4210b000 	C:\WINDOWS\SYSTEM32\CRYPTSP.dll
0x00007ffb417a0000 - 0x00007ffb417d9000 	C:\WINDOWS\system32\rsaenh.dll
0x00007ffb41eb0000 - 0x00007ffb41ee2000 	C:\WINDOWS\SYSTEM32\USERENV.dll
0x00007ffb42a50000 - 0x00007ffb42a7a000 	C:\WINDOWS\SYSTEM32\bcrypt.dll
0x00007ffb42110000 - 0x00007ffb4211c000 	C:\WINDOWS\SYSTEM32\CRYPTBASE.dll
0x00007ffb41220000 - 0x00007ffb41253000 	C:\WINDOWS\SYSTEM32\IPHLPAPI.DLL
0x00007ffb43ac0000 - 0x00007ffb43aca000 	C:\WINDOWS\System32\NSI.dll
0x00007ffae6730000 - 0x00007ffae6779000 	C:\Users\Adarsh Kumar Choubey\AppData\Local\Temp\jna--1956179928\jna2258036046323966598.dll
0x00007ffb43690000 - 0x00007ffb43698000 	C:\WINDOWS\System32\PSAPI.DLL

dbghelp: loaded successfully - version: 4.0.5 - missing functions: none
symbol engine: initialized successfully - sym options: 0x614 - pdb path: .;C:\Program Files\Java\jdk-21\bin;C:\WINDOWS\SYSTEM32;C:\WINDOWS\WinSxS\amd64_microsoft.windows.common-controls_6595b64144ccf1df_6.0.26100.8894_none_3e0f749ee32e02ea;C:\Program Files\Java\jdk-21\bin\server;C:\Users\Adarsh Kumar Choubey\AppData\Roaming\Code\User\globalStorage\redhat.java\1.55.0\config_win\org.eclipse.equinox.launcher\org.eclipse.equinox.launcher.win32.win32.x86_64_1.3.100.v20260613-0559;C:\Users\Adarsh Kumar Choubey\AppData\Local\Temp\jna--1956179928

VM Arguments:
jvm_args: --add-modules=ALL-SYSTEM --add-opens=java.base/java.util=ALL-UNNAMED --add-opens=java.base/java.lang=ALL-UNNAMED --add-opens=java.base/sun.nio.fs=ALL-UNNAMED -Declipse.application=org.eclipse.jdt.ls.core.id1 -Dosgi.bundles.defaultStartLevel=4 -Declipse.product=org.eclipse.jdt.ls.core.product -Djava.import.generatesMetadataFilesAtProjectRoot=false -DDetectVMInstallationsJob.disabled=true -Dfile.encoding=utf8 -XX:+UseParallelGC -XX:GCTimeRatio=4 -XX:AdaptiveSizePolicyWeight=90 -Dsun.zip.disableMemoryMapping=true -Xmx2G -Xms100m -Xlog:disable -javaagent:c:\Users\Adarsh Kumar Choubey\.vscode\extensions\redhat.java-1.55.0-win32-x64\lombok\lombok-1.18.39-4050.jar -XX:+HeapDumpOnOutOfMemoryError -XX:HeapDumpPath=c:\Users\Adarsh Kumar Choubey\AppData\Roaming\Code\User\workspaceStorage\123f1bad724c2eadf94da4c2cea6aa23\redhat.java -Daether.dependencyCollector.impl=bf 
java_command: c:\Users\Adarsh Kumar Choubey\.vscode\extensions\redhat.java-1.55.0-win32-x64\server\plugins\org.eclipse.equinox.launcher_1.7.200.v20260619-2039.jar -configuration c:\Users\Adarsh Kumar Choubey\AppData\Roaming\Code\User\globalStorage\redhat.java\1.55.0\config_win -data c:\Users\Adarsh Kumar Choubey\AppData\Roaming\Code\User\workspaceStorage\123f1bad724c2eadf94da4c2cea6aa23\redhat.java\jdt_ws --pipe=\\.\pipe\lsp-66c00457705a39d54c8123a4e7df62a6-sock
java_class_path (initial): c:\Users\Adarsh Kumar Choubey\.vscode\extensions\redhat.java-1.55.0-win32-x64\server\plugins\org.eclipse.equinox.launcher_1.7.200.v20260619-2039.jar
Launcher Type: SUN_STANDARD

[Global flags]
    uintx AdaptiveSizePolicyWeight                 = 90                                        {product} {command line}
     intx CICompilerCount                          = 3                                         {product} {ergonomic}
    uintx GCTimeRatio                              = 4                                         {product} {command line}
     bool HeapDumpOnOutOfMemoryError               = true                                   {manageable} {command line}
    ccstr HeapDumpPath                             = c:\Users\Adarsh Kumar Choubey\AppData\Roaming\Code\User\workspaceStorage\123f1bad724c2eadf94da4c2cea6aa23\redhat.java         {manageable} {command line}
   size_t InitialHeapSize                          = 104857600                                 {product} {command line}
   size_t MaxHeapSize                              = 2147483648                                {product} {command line}
   size_t MaxNewSize                               = 715653120                                 {product} {ergonomic}
   size_t MinHeapDeltaBytes                        = 524288                                    {product} {ergonomic}
   size_t MinHeapSize                              = 104857600                                 {product} {command line}
   size_t NewSize                                  = 34603008                                  {product} {ergonomic}
    uintx NonNMethodCodeHeapSize                   = 5832780                                {pd product} {ergonomic}
    uintx NonProfiledCodeHeapSize                  = 122912730                              {pd product} {ergonomic}
   size_t OldSize                                  = 70254592                                  {product} {ergonomic}
    uintx ProfiledCodeHeapSize                     = 122912730                              {pd product} {ergonomic}
    uintx ReservedCodeCacheSize                    = 251658240                              {pd product} {ergonomic}
     bool SegmentedCodeCache                       = true                                      {product} {ergonomic}
   size_t SoftMaxHeapSize                          = 2147483648                             {manageable} {ergonomic}
     bool UseCompressedOops                        = true                           {product lp64_product} {ergonomic}
     bool UseLargePagesIndividualAllocation        = false                                  {pd product} {ergonomic}
     bool UseParallelGC                            = true                                      {product} {command line}

Logging:
Log output configuration:
 #0: stdout all=off uptime,level,tags foldmultilines=false
 #1: stderr all=off uptime,level,tags foldmultilines=false

Environment Variables:
PATH=C:\Program Files\Common Files\Oracle\Java\javapath;C:\WINDOWS\system32;C:\WINDOWS;C:\WINDOWS\System32\Wbem;C:\WINDOWS\System32\WindowsPowerShell\v1.0\;C:\WINDOWS\System32\OpenSSH\;C:\MinGW\bin;C:\Program Files\MySQL\MySQL Server 8.0\bin;C:\Program Files\Java\apache-maven-3.9.6\bin;C:\Program Files\Java\jdk-21\bin;C:\Program Files\nodejs\;C:\Program Files\Docker\Docker\resources\bin;C:\Program Files\Git\cmd;C:\Program Files\MySQL\MySQL Shell 8.0\bin\;C:\Users\Adarsh Kumar Choubey\AppData\Local\Programs\Eclipse Adoptium\jdk-17.0.6.10-hotspot\bin;C:\Users\Adarsh Kumar Choubey\AppData\Local\Microsoft\WindowsApps;C:\Program Files\Java\apache-maven-3.9.6\bin;C:\Users\Adarsh Kumar Choubey\mongosh\;C:\Users\Adarsh Kumar Choubey\AppData\Local\Programs\Microsoft VS Code\bin;C:\Users\Adarsh Kumar Choubey\AppData\Local\Programs\cursor\resources\app\bin;C:\Users\Adarsh Kumar Choubey\AppData\Roaming\npm;C:\Users\Adarsh Kumar Choubey\AppData\Local\Python\bin
USERNAME=Adarsh Kumar Choubey
OS=Windows_NT
PROCESSOR_IDENTIFIER=AMD64 Family 23 Model 24 Stepping 1, AuthenticAMD
TMP=C:\Users\ADARSH~1\AppData\Local\Temp
TEMP=C:\Users\ADARSH~1\AppData\Local\Temp




Periodic native trim disabled

---------------  S Y S T E M  ---------------

OS:
 Windows 11 , 64 bit Build 26100 (10.0.26100.8875)
OS uptime: 0 days 18:53 hours
Hyper-V role detected

CPU: total 4 (initial active 4) (4 cores per cpu, 2 threads per core) family 23 model 24 stepping 1 microcode 0x8108109, cx8, cmov, fxsr, ht, mmx, 3dnowpref, sse, sse2, sse3, ssse3, sse4a, sse4.1, sse4.2, popcnt, lzcnt, tsc, tscinvbit, avx, avx2, aes, clmul, bmi1, bmi2, adx, sha, fma, vzeroupper, clflush, clflushopt, hv, rdtscp, f16c
Processor Information for all 4 processors :
  Max Mhz: 2600, Current Mhz: 2600, Mhz Limit: 2600

Memory: 4k page, system-wide physical 6091M (442M free)
TotalPageFile size 24523M (AvailPageFile size 4M)
current process WorkingSet (physical memory assigned to process): 178M, peak: 181M
current process commit charge ("private bytes"): 295M, peak: 299M

vm_info: Java HotSpot(TM) 64-Bit Server VM (21.0.5+9-LTS-239) for windows-amd64 JRE (21.0.5+9-LTS-239), built on 2024-09-30T05:17:38Z by "mach5one" with MS VC++ 17.6 (VS2022)

END.
